Archive member included to satisfy reference by file (symbol)

c:/st/stm32cubeide_1.8.0/stm32cubeide/plugins/com.st.stm32cube.ide.mcu.externaltools.gnu-tools-for-stm32.9-2020-q2-update.win32_2.0.0.202105311346/tools/bin/../lib/gcc/arm-none-eabi/9.3.1/../../../../arm-none-eabi/lib/thumb/v7e-m+fp/hard\libc_nano.a(lib_a-errno.o)
                              ./Core/Src/syscalls.o (__errno)
c:/st/stm32cubeide_1.8.0/stm32cubeide/plugins/com.st.stm32cube.ide.mcu.externaltools.gnu-tools-for-stm32.9-2020-q2-update.win32_2.0.0.202105311346/tools/bin/../lib/gcc/arm-none-eabi/9.3.1/../../../../arm-none-eabi/lib/thumb/v7e-m+fp/hard\libc_nano.a(lib_a-exit.o)
                              c:/st/stm32cubeide_1.8.0/stm32cubeide/plugins/com.st.stm32cube.ide.mcu.externaltools.gnu-tools-for-stm32.9-2020-q2-update.win32_2.0.0.202105311346/tools/bin/../lib/gcc/arm-none-eabi/9.3.1/../../../../arm-none-eabi/lib/thumb/v7e-m+fp/hard/crt0.o (exit)
c:/st/stm32cubeide_1.8.0/stm32cubeide/plugins/com.st.stm32cube.ide.mcu.externaltools.gnu-tools-for-stm32.9-2020-q2-update.win32_2.0.0.202105311346/tools/bin/../lib/gcc/arm-none-eabi/9.3.1/../../../../arm-none-eabi/lib/thumb/v7e-m+fp/hard\libc_nano.a(lib_a-impure.o)
                              c:/st/stm32cubeide_1.8.0/stm32cubeide/plugins/com.st.stm32cube.ide.mcu.externaltools.gnu-tools-for-stm32.9-2020-q2-update.win32_2.0.0.202105311346/tools/bin/../lib/gcc/arm-none-eabi/9.3.1/../../../../arm-none-eabi/lib/thumb/v7e-m+fp/hard\libc_nano.a(lib_a-exit.o) (_global_impure_ptr)
c:/st/stm32cubeide_1.8.0/stm32cubeide/plugins/com.st.stm32cube.ide.mcu.externaltools.gnu-tools-for-stm32.9-2020-q2-update.win32_2.0.0.202105311346/tools/bin/../lib/gcc/arm-none-eabi/9.3.1/../../../../arm-none-eabi/lib/thumb/v7e-m+fp/hard\libc_nano.a(lib_a-init.o)
                              c:/st/stm32cubeide_1.8.0/stm32cubeide/plugins/com.st.stm32cube.ide.mcu.externaltools.gnu-tools-for-stm32.9-2020-q2-update.win32_2.0.0.202105311346/tools/bin/../lib/gcc/arm-none-eabi/9.3.1/../../../../arm-none-eabi/lib/thumb/v7e-m+fp/hard/crt0.o (__libc_init_array)
c:/st/stm32cubeide_1.8.0/stm32cubeide/plugins/com.st.stm32cube.ide.mcu.externaltools.gnu-tools-for-stm32.9-2020-q2-update.win32_2.0.0.202105311346/tools/bin/../lib/gcc/arm-none-eabi/9.3.1/../../../../arm-none-eabi/lib/thumb/v7e-m+fp/hard\libc_nano.a(lib_a-memset.o)
                              c:/st/stm32cubeide_1.8.0/stm32cubeide/plugins/com.st.stm32cube.ide.mcu.externaltools.gnu-tools-for-stm32.9-2020-q2-update.win32_2.0.0.202105311346/tools/bin/../lib/gcc/arm-none-eabi/9.3.1/../../../../arm-none-eabi/lib/thumb/v7e-m+fp/hard/crt0.o (memset)
c:/st/stm32cubeide_1.8.0/stm32cubeide/plugins/com.st.stm32cube.ide.mcu.externaltools.gnu-tools-for-stm32.9-2020-q2-update.win32_2.0.0.202105311346/tools/bin/../lib/gcc/arm-none-eabi/9.3.1/thumb/v7e-m+fp/hard\libgcc.a(_aeabi_uldivmod.o)
                              ./Drivers/STM32F4xx_HAL_Driver/Src/stm32f4xx_hal_rcc.o (__aeabi_uldivmod)
c:/st/stm32cubeide_1.8.0/stm32cubeide/plugins/com.st.stm32cube.ide.mcu.externaltools.gnu-tools-for-stm32.9-2020-q2-update.win32_2.0.0.202105311346/tools/bin/../lib/gcc/arm-none-eabi/9.3.1/thumb/v7e-m+fp/hard\libgcc.a(_udivmoddi4.o)
                              c:/st/stm32cubeide_1.8.0/stm32cubeide/plugins/com.st.stm32cube.ide.mcu.externaltools.gnu-tools-for-stm32.9-2020-q2-update.win32_2.0.0.202105311346/tools/bin/../lib/gcc/arm-none-eabi/9.3.1/thumb/v7e-m+fp/hard\libgcc.a(_aeabi_uldivmod.o) (__udivmoddi4)
c:/st/stm32cubeide_1.8.0/stm32cubeide/plugins/com.st.stm32cube.ide.mcu.externaltools.gnu-tools-for-stm32.9-2020-q2-update.win32_2.0.0.202105311346/tools/bin/../lib/gcc/arm-none-eabi/9.3.1/thumb/v7e-m+fp/hard\libgcc.a(_dvmd_tls.o)
                              c:/st/stm32cubeide_1.8.0/stm32cubeide/plugins/com.st.stm32cube.ide.mcu.externaltools.gnu-tools-for-stm32.9-2020-q2-update.win32_2.0.0.202105311346/tools/bin/../lib/gcc/arm-none-eabi/9.3.1/thumb/v7e-m+fp/hard\libgcc.a(_aeabi_uldivmod.o) (__aeabi_ldiv0)

Allocating common symbols
Common symbol       size              file

MD                  0x2               ./Core/Src/bmp180.o
AC1                 0x2               ./Core/Src/bmp180.o
AC6                 0x2               ./Core/Src/bmp180.o
hi2c1               0x54              ./Core/Src/main.o
uwTick              0x4               ./Drivers/STM32F4xx_HAL_Driver/Src/stm32f4xx_hal.o
temperature         0x4               ./Core/Src/bmp180.o
pFlash              0x20              ./Drivers/STM32F4xx_HAL_Driver/Src/stm32f4xx_hal_flash.o
AC5                 0x2               ./Core/Src/bmp180.o
AC4                 0x2               ./Core/Src/bmp180.o
tX2                 0x4               ./Core/Src/bmp180.o
MB                  0x2               ./Core/Src/bmp180.o
AC2                 0x2               ./Core/Src/bmp180.o
AC3                 0x2               ./Core/Src/bmp180.o
myTemperature       0x4               ./Core/Src/main.o
[...]
Memory Configuration

Name             Origin             Length             Attributes
CCMRAM           0x0000000010000000 0x0000000000010000 xrw
RAM              0x0000000020000000 0x0000000000020000 xrw
FLASH            0x0000000008000000 0x0000000000100000 xr
*default*        0x0000000000000000 0xffffffffffffffff

Linker script and memory map

LOAD c:/st/stm32cubeide_1.8.0/stm32cubeide/plugins/com.st.stm32cube.ide.mcu.externaltools.gnu-tools-for-stm32.9-2020-q2-update.win32_2.0.0.202105311346/tools/bin/../lib/gcc/arm-none-eabi/9.3.1/thumb/v7e-m+fp/hard/crti.o
LOAD c:/st/stm32cubeide_1.8.0/stm32cubeide/plugins/com.st.stm32cube.ide.mcu.externaltools.gnu-tools-for-stm32.9-2020-q2-update.win32_2.0.0.202105311346/tools/bin/../lib/gcc/arm-none-eabi/9.3.1/thumb/v7e-m+fp/hard/crtbegin.o
LOAD c:/st/stm32cubeide_1.8.0/stm32cubeide/plugins/com.st.stm32cube.ide.mcu.externaltools.gnu-tools-for-stm32.9-2020-q2-update.win32_2.0.0.202105311346/tools/bin/../lib/gcc/arm-none-eabi/9.3.1/../../../../arm-none-eabi/lib/thumb/v7e-m+fp/hard/crt0.o
LOAD ./Core/Src/bmp180.o
LOAD ./Core/Src/main.o
LOAD ./Core/Src/stm32f4xx_hal_msp.o
LOAD ./Core/Src/stm32f4xx_it.o
LOAD ./Core/Src/syscalls.o
LOAD ./Core/Src/sysmem.o
LOAD ./Core/Src/system_stm32f4xx.o
LOAD ./Core/Startup/startup_stm32f407vgtx.o
LOAD ./Drivers/STM32F4xx_HAL_Driver/Src/stm32f4xx_hal.o
LOAD ./Drivers/STM32F4xx_HAL_Driver/Src/stm32f4xx_hal_cortex.o
LOAD ./Drivers/STM32F4xx_HAL_Driver/Src/stm32f4xx_hal_dma.o
LOAD ./Drivers/STM32F4xx_HAL_Driver/Src/stm32f4xx_hal_dma_ex.o
LOAD ./Drivers/STM32F4xx_HAL_Driver/Src/stm32f4xx_hal_exti.o
LOAD ./Drivers/STM32F4xx_HAL_Driver/Src/stm32f4xx_hal_flash.o
LOAD ./Drivers/STM32F4xx_HAL_Driver/Src/stm32f4xx_hal_flash_ex.o
LOAD ./Drivers/STM32F4xx_HAL_Driver/Src/stm32f4xx_hal_flash_ramfunc.o
LOAD ./Drivers/STM32F4xx_HAL_Driver/Src/stm32f4xx_hal_gpio.o
LOAD ./Drivers/STM32F4xx_HAL_Driver/Src/stm32f4xx_hal_i2c.o
LOAD ./Drivers/STM32F4xx_HAL_Driver/Src/stm32f4xx_hal_i2c_ex.o
LOAD ./Drivers/STM32F4xx_HAL_Driver/Src/stm32f4xx_hal_pwr.o
LOAD ./Drivers/STM32F4xx_HAL_Driver/Src/stm32f4xx_hal_pwr_ex.o
LOAD ./Drivers/STM32F4xx_HAL_Driver/Src/stm32f4xx_hal_rcc.o
LOAD ./Drivers/STM32F4xx_HAL_Driver/Src/stm32f4xx_hal_rcc_ex.o
LOAD ./Drivers/STM32F4xx_HAL_Driver/Src/stm32f4xx_hal_tim.o
LOAD ./Drivers/STM32F4xx_HAL_Driver/Src/stm32f4xx_hal_tim_ex.o
START GROUP
LOAD c:/st/stm32cubeide_1.8.0/stm32cubeide/plugins/com.st.stm32cube.ide.mcu.externaltools.gnu-tools-for-stm32.9-2020-q2-update.win32_2.0.0.202105311346/tools/bin/../lib/gcc/arm-none-eabi/9.3.1/../../../../arm-none-eabi/lib/thumb/v7e-m+fp/hard\libc_nano.a
LOAD c:/st/stm32cubeide_1.8.0/stm32cubeide/plugins/com.st.stm32cube.ide.mcu.externaltools.gnu-tools-for-stm32.9-2020-q2-update.win32_2.0.0.202105311346/tools/bin/../lib/gcc/arm-none-eabi/9.3.1/../../../../arm-none-eabi/lib/thumb/v7e-m+fp/hard\libm.a
END GROUP
START GROUP
LOAD c:/st/stm32cubeide_1.8.0/stm32cubeide/plugins/com.st.stm32cube.ide.mcu.externaltools.gnu-tools-for-stm32.9-2020-q2-update.win32_2.0.0.202105311346/tools/bin/../lib/gcc/arm-none-eabi/9.3.1/thumb/v7e-m+fp/hard\libgcc.a
LOAD c:/st/stm32cubeide_1.8.0/stm32cubeide/plugins/com.st.stm32cube.ide.mcu.externaltools.gnu-tools-for-stm32.9-2020-q2-update.win32_2.0.0.202105311346/tools/bin/../lib/gcc/arm-none-eabi/9.3.1/../../../../arm-none-eabi/lib/thumb/v7e-m+fp/hard\libc_nano.a
END GROUP
START GROUP
LOAD c:/st/stm32cubeide_1.8.0/stm32cubeide/plugins/com.st.stm32cube.ide.mcu.externaltools.gnu-tools-for-stm32.9-2020-q2-update.win32_2.0.0.202105311346/tools/bin/../lib/gcc/arm-none-eabi/9.3.1/thumb/v7e-m+fp/hard\libgcc.a
LOAD c:/st/stm32cubeide_1.8.0/stm32cubeide/plugins/com.st.stm32cube.ide.mcu.externaltools.gnu-tools-for-stm32.9-2020-q2-update.win32_2.0.0.202105311346/tools/bin/../lib/gcc/arm-none-eabi/9.3.1/../../../../arm-none-eabi/lib/thumb/v7e-m+fp/hard\libc_nano.a
LOAD c:/st/stm32cubeide_1.8.0/stm32cubeide/plugins/com.st.stm32cube.ide.mcu.externaltools.gnu-tools-for-stm32.9-2020-q2-update.win32_2.0.0.202105311346/tools/bin/../lib/gcc/arm-none-eabi/9.3.1/../../../../arm-none-eabi/lib/thumb/v7e-m+fp/hard\libnosys.a
END GROUP
START GROUP
LOAD c:/st/stm32cubeide_1.8.0/stm32cubeide/plugins/com.st.stm32cube.ide.mcu.externaltools.gnu-tools-for-stm32.9-2020-q2-update.win32_2.0.0.202105311346/tools/bin/../lib/gcc/arm-none-eabi/9.3.1/thumb/v7e-m+fp/hard\libgcc.a
LOAD c:/st/stm32cubeide_1.8.0/stm32cubeide/plugins/com.st.stm32cube.ide.mcu.externaltools.gnu-tools-for-stm32.9-2020-q2-update.win32_2.0.0.202105311346/tools/bin/../lib/gcc/arm-none-eabi/9.3.1/../../../../arm-none-eabi/lib/thumb/v7e-m+fp/hard\libc_nano.a
LOAD c:/st/stm32cubeide_1.8.0/stm32cubeide/plugins/com.st.stm32cube.ide.mcu.externaltools.gnu-tools-for-stm32.9-2020-q2-update.win32_2.0.0.202105311346/tools/bin/../lib/gcc/arm-none-eabi/9.3.1/../../../../arm-none-eabi/lib/thumb/v7e-m+fp/hard\libnosys.a
END GROUP
LOAD c:/st/stm32cubeide_1.8.0/stm32cubeide/plugins/com.st.stm32cube.ide.mcu.externaltools.gnu-tools-for-stm32.9-2020-q2-update.win32_2.0.0.202105311346/tools/bin/../lib/gcc/arm-none-eabi/9.3.1/thumb/v7e-m+fp/hard/crtend.o
LOAD c:/st/stm32cubeide_1.8.0/stm32cubeide/plugins/com.st.stm32cube.ide.mcu.externaltools.gnu-tools-for-stm32.9-2020-q2-update.win32_2.0.0.202105311346/tools/bin/../lib/gcc/arm-none-eabi/9.3.1/thumb/v7e-m+fp/hard/crtn.o
                0x0000000020020000                _estack = (ORIGIN (RAM) + LENGTH (RAM))
                0x0000000000000200                _Min_Heap_Size = 0x200
                0x0000000000000400                _Min_Stack_Size = 0x400

.isr_vector     0x0000000008000000      0x188
                0x0000000008000000                . = ALIGN (0x4)
 *(.isr_vector)
 .isr_vector    0x0000000008000000      0x188 ./Core/Startup/startup_stm32f407vgtx.o
                0x0000000008000000                g_pfnVectors
                0x0000000008000188                . = ALIGN (0x4)

.text           0x0000000008000188     0x2ccc
                0x0000000008000188                . = ALIGN (0x4)
 *(.text)
 .text          0x0000000008000188       0x40 c:/st/stm32cubeide_1.8.0/stm32cubeide/plugins/com.st.stm32cube.ide.mcu.externaltools.gnu-tools-for-stm32.9-2020-q2-update.win32_2.0.0.202105311346/tools/bin/../lib/gcc/arm-none-eabi/9.3.1/thumb/v7e-m+fp/hard/crtbegin.o
 .text          0x00000000080001c8       0x30 c:/st/stm32cubeide_1.8.0/stm32cubeide/plugins/com.st.stm32cube.ide.mcu.externaltools.gnu-tools-for-stm32.9-2020-q2-update.win32_2.0.0.202105311346/tools/bin/../lib/gcc/arm-none-eabi/9.3.1/thumb/v7e-m+fp/hard\libgcc.a(_aeabi_uldivmod.o)
                0x00000000080001c8                __aeabi_uldivmod
 .text          0x00000000080001f8      0x2c4 c:/st/stm32cubeide_1.8.0/stm32cubeide/plugins/com.st.stm32cube.ide.mcu.externaltools.gnu-tools-for-stm32.9-2020-q2-update.win32_2.0.0.202105311346/tools/bin/../lib/gcc/arm-none-eabi/9.3.1/thumb/v7e-m+fp/hard\libgcc.a(_udivmoddi4.o)
                0x00000000080001f8                __udivmoddi4
 .text          0x00000000080004bc        0x4 c:/st/stm32cubeide_1.8.0/stm32cubeide/plugins/com.st.stm32cube.ide.mcu.externaltools.gnu-tools-for-stm32.9-2020-q2-update.win32_2.0.0.202105311346/tools/bin/../lib/gcc/arm-none-eabi/9.3.1/thumb/v7e-m+fp/hard\libgcc.a(_dvmd_tls.o)
                0x00000000080004bc                __aeabi_idiv0
                0x00000000080004bc                __aeabi_ldiv0
 *(.text*)
 .text.BMP180_Init
                0x00000000080004c0       0x38 ./Core/Src/bmp180.o
                0x00000000080004c0                BMP180_Init
 .text.BMP180_Get_Calibration_Value
                0x00000000080004f8      0x358 ./Core/Src/bmp180.o
                0x00000000080004f8                BMP180_Get_Calibration_Value
 .text.BMP180_Get_Temperature
                0x0000000008000850       0xdc ./Core/Src/bmp180.o
                0x0000000008000850                BMP180_Get_Temperature
 .text.BMP180_Get_Uncompansated_Temperature
                0x000000000800092c       0x6c ./Core/Src/bmp180.o
                0x000000000800092c                BMP180_Get_Uncompansated_Temperature
 .text.main     0x0000000008000998       0x34 ./Core/Src/main.o
                0x0000000008000998                main
 .text.SystemClock_Config
                0x00000000080009cc       0xd4 ./Core/Src/main.o
                0x00000000080009cc                SystemClock_Config
 .text.MX_I2C1_Init
                0x0000000008000aa0       0x5c ./Core/Src/main.o
 .text.MX_GPIO_Init
                0x0000000008000afc       0x88 ./Core/Src/main.o
 .text.Error_Handler
                0x0000000008000b84        0xa ./Core/Src/main.o
                0x0000000008000b84                Error_Handler
 *fill*         0x0000000008000b8e        0x2 
 .text.HAL_MspInit
                0x0000000008000b90       0x50 ./Core/Src/stm32f4xx_hal_msp.o
                0x0000000008000b90                HAL_MspInit
 .text.HAL_I2C_MspInit
                0x0000000008000be0       0x90 ./Core/Src/stm32f4xx_hal_msp.o
                0x0000000008000be0                HAL_I2C_MspInit
 .text.NMI_Handler
                0x0000000008000c70        0x6 ./Core/Src/stm32f4xx_it.o
                0x0000000008000c70                NMI_Handler
 .text.HardFault_Handler
                0x0000000008000c76        0x6 ./Core/Src/stm32f4xx_it.o
                0x0000000008000c76                HardFault_Handler
 .text.MemManage_Handler
                0x0000000008000c7c        0x6 ./Core/Src/stm32f4xx_it.o
                0x0000000008000c7c                MemManage_Handler
 .text.BusFault_Handler
                0x0000000008000c82        0x6 ./Core/Src/stm32f4xx_it.o
                0x0000000008000c82                BusFault_Handler
 .text.UsageFault_Handler
                0x0000000008000c88        0x6 ./Core/Src/stm32f4xx_it.o
                0x0000000008000c88                UsageFault_Handler
 .text.SVC_Handler
                0x0000000008000c8e        0xe ./Core/Src/stm32f4xx_it.o
                0x0000000008000c8e                SVC_Handler
 .text.DebugMon_Handler
                0x0000000008000c9c        0xe ./Core/Src/stm32f4xx_it.o
                0x0000000008000c9c                DebugMon_Handler
 .text.PendSV_Handler
                0x0000000008000caa        0xe ./Core/Src/stm32f4xx_it.o
                0x0000000008000caa                PendSV_Handler
 .text.SysTick_Handler
                0x0000000008000cb8        0xc ./Core/Src/stm32f4xx_it.o
                0x0000000008000cb8                SysTick_Handler
 .text.SystemInit
                0x0000000008000cc4       0x24 ./Core/Src/system_stm32f4xx.o
                0x0000000008000cc4                SystemInit
 .text.Reset_Handler
                0x0000000008000ce8       0x50 ./Core/Startup/startup_stm32f407vgtx.o
                0x0000000008000ce8                Reset_Handler
 .text.Default_Handler
                0x0000000008000d38        0x2 ./Core/Startup/startup_stm32f407vgtx.o
                0x0000000008000d38                RTC_Alarm_IRQHandler
                0x0000000008000d38                HASH_RNG_IRQHandler
                0x0000000008000d38                EXTI2_IRQHandler
                0x0000000008000d38                TIM8_CC_IRQHandler
                0x0000000008000d38                TIM1_CC_IRQHandler
                0x0000000008000d38                DMA2_Stream5_IRQHandler
                0x0000000008000d38                DMA1_Stream5_IRQHandler
                0x0000000008000d38                PVD_IRQHandler
                0x0000000008000d38                SDIO_IRQHandler
                0x0000000008000d38                TAMP_STAMP_IRQHandler
                0x0000000008000d38                CAN2_RX1_IRQHandler
                0x0000000008000d38                EXTI3_IRQHandler
                0x0000000008000d38                TIM8_TRG_COM_TIM14_IRQHandler
                0x0000000008000d38                TIM1_UP_TIM10_IRQHandler
                0x0000000008000d38                TIM8_UP_TIM13_IRQHandler
                0x0000000008000d38                I2C3_ER_IRQHandler
                0x0000000008000d38                EXTI0_IRQHandler
                0x0000000008000d38                I2C2_EV_IRQHandler
                0x0000000008000d38                DMA1_Stream2_IRQHandler
                0x0000000008000d38                CAN1_RX0_IRQHandler
                0x0000000008000d38                FPU_IRQHandler
                0x0000000008000d38                OTG_HS_WKUP_IRQHandler
                0x0000000008000d38                CAN2_SCE_IRQHandler
                0x0000000008000d38                DMA2_Stream2_IRQHandler
                0x0000000008000d38                SPI1_IRQHandler
                0x0000000008000d38                TIM6_DAC_IRQHandler
                0x0000000008000d38                TIM1_BRK_TIM9_IRQHandler
                0x0000000008000d38                DCMI_IRQHandler
                0x0000000008000d38                CAN2_RX0_IRQHandler
                0x0000000008000d38                DMA2_Stream3_IRQHandler
                0x0000000008000d38                USART6_IRQHandler
                0x0000000008000d38                USART3_IRQHandler
                0x0000000008000d38                CAN1_RX1_IRQHandler
                0x0000000008000d38                UART5_IRQHandler
                0x0000000008000d38                DMA2_Stream0_IRQHandler
                0x0000000008000d38                TIM4_IRQHandler
                0x0000000008000d38                I2C1_EV_IRQHandler
                0x0000000008000d38                DMA1_Stream6_IRQHandler
                0x0000000008000d38                DMA1_Stream1_IRQHandler
                0x0000000008000d38                UART4_IRQHandler
                0x0000000008000d38                TIM3_IRQHandler
                0x0000000008000d38                RCC_IRQHandler
                0x0000000008000d38                TIM8_BRK_TIM12_IRQHandler
                0x0000000008000d38                Default_Handler
                0x0000000008000d38                EXTI15_10_IRQHandler
                0x0000000008000d38                ADC_IRQHandler
                0x0000000008000d38                DMA1_Stream7_IRQHandler
                0x0000000008000d38                TIM7_IRQHandler
                0x0000000008000d38                CAN2_TX_IRQHandler
                0x0000000008000d38                TIM5_IRQHandler
                0x0000000008000d38                DMA2_Stream7_IRQHandler
                0x0000000008000d38                I2C3_EV_IRQHandler
                0x0000000008000d38                EXTI9_5_IRQHandler
                0x0000000008000d38                RTC_WKUP_IRQHandler
                0x0000000008000d38                ETH_WKUP_IRQHandler
                0x0000000008000d38                SPI2_IRQHandler
                0x0000000008000d38                OTG_HS_EP1_IN_IRQHandler
                0x0000000008000d38                DMA1_Stream0_IRQHandler
                0x0000000008000d38                CAN1_TX_IRQHandler
                0x0000000008000d38                EXTI4_IRQHandler
                0x0000000008000d38                FSMC_IRQHandler
                0x0000000008000d38                ETH_IRQHandler
                0x0000000008000d38                OTG_HS_EP1_OUT_IRQHandler
                0x0000000008000d38                WWDG_IRQHandler
                0x0000000008000d38                TIM2_IRQHandler
                0x0000000008000d38                OTG_FS_WKUP_IRQHandler
                0x0000000008000d38                TIM1_TRG_COM_TIM11_IRQHandler
                0x0000000008000d38                OTG_HS_IRQHandler
                0x0000000008000d38                EXTI1_IRQHandler
                0x0000000008000d38                USART2_IRQHandler
                0x0000000008000d38                I2C2_ER_IRQHandler
                0x0000000008000d38                DMA2_Stream1_IRQHandler
                0x0000000008000d38                CAN1_SCE_IRQHandler
                0x0000000008000d38                FLASH_IRQHandler
                0x0000000008000d38                DMA2_Stream4_IRQHandler
                0x0000000008000d38                USART1_IRQHandler
                0x0000000008000d38                OTG_FS_IRQHandler
                0x0000000008000d38                SPI3_IRQHandler
                0x0000000008000d38                DMA1_Stream4_IRQHandler
                0x0000000008000d38                I2C1_ER_IRQHandler
                0x0000000008000d38                DMA2_Stream6_IRQHandler
                0x0000000008000d38                DMA1_Stream3_IRQHandler
 *fill*         0x0000000008000d3a        0x2 
 .text.HAL_Init
                0x0000000008000d3c       0x44 ./Drivers/STM32F4xx_HAL_Driver/Src/stm32f4xx_hal.o
                0x0000000008000d3c                HAL_Init
 .text.HAL_InitTick
                0x0000000008000d80       0x60 ./Drivers/STM32F4xx_HAL_Driver/Src/stm32f4xx_hal.o
                0x0000000008000d80                HAL_InitTick
 .text.HAL_IncTick
                0x0000000008000de0       0x28 ./Drivers/STM32F4xx_HAL_Driver/Src/stm32f4xx_hal.o
                0x0000000008000de0                HAL_IncTick
 .text.HAL_GetTick
                0x0000000008000e08       0x18 ./Drivers/STM32F4xx_HAL_Driver/Src/stm32f4xx_hal.o
                0x0000000008000e08                HAL_GetTick
 .text.HAL_Delay
                0x0000000008000e20       0x48 ./Drivers/STM32F4xx_HAL_Driver/Src/stm32f4xx_hal.o
                0x0000000008000e20                HAL_Delay
 .text.__NVIC_SetPriorityGrouping
                0x0000000008000e68       0x48 ./Drivers/STM32F4xx_HAL_Driver/Src/stm32f4xx_hal_cortex.o
 .text.__NVIC_GetPriorityGrouping
                0x0000000008000eb0       0x1c ./Drivers/STM32F4xx_HAL_Driver/Src/stm32f4xx_hal_cortex.o
 .text.__NVIC_SetPriority
                0x0000000008000ecc       0x54 ./Drivers/STM32F4xx_HAL_Driver/Src/stm32f4xx_hal_cortex.o
 .text.NVIC_EncodePriority
                0x0000000008000f20       0x66 ./Drivers/STM32F4xx_HAL_Driver/Src/stm32f4xx_hal_cortex.o
 *fill*         0x0000000008000f86        0x2 
 .text.SysTick_Config
                0x0000000008000f88       0x44 ./Drivers/STM32F4xx_HAL_Driver/Src/stm32f4xx_hal_cortex.o
 .text.HAL_NVIC_SetPriorityGrouping
                0x0000000008000fcc       0x16 ./Drivers/STM32F4xx_HAL_Driver/Src/stm32f4xx_hal_cortex.o
                0x0000000008000fcc                HAL_NVIC_SetPriorityGrouping
 .text.HAL_NVIC_SetPriority
                0x0000000008000fe2       0x38 ./Drivers/STM32F4xx_HAL_Driver/Src/stm32f4xx_hal_cortex.o
                0x0000000008000fe2                HAL_NVIC_SetPriority
 .text.HAL_SYSTICK_Config
                0x000000000800101a       0x18 ./Drivers/STM32F4xx_HAL_Driver/Src/stm32f4xx_hal_cortex.o
                0x000000000800101a                HAL_SYSTICK_Config
 *fill*         0x0000000008001032        0x2 
 .text.HAL_GPIO_Init
                0x0000000008001034      0x338 ./Drivers/STM32F4xx_HAL_Driver/Src/stm32f4xx_hal_gpio.o
                0x0000000008001034                HAL_GPIO_Init
 .text.HAL_GPIO_WritePin
                0x000000000800136c       0x32 ./Drivers/STM32F4xx_HAL_Driver/Src/stm32f4xx_hal_gpio.o
                0x000000000800136c                HAL_GPIO_WritePin
 *fill*         0x000000000800139e        0x2 
 .text.HAL_I2C_Init
                0x00000000080013a0      0x288 ./Drivers/STM32F4xx_HAL_Driver/Src/stm32f4xx_hal_i2c.o
                0x00000000080013a0                HAL_I2C_Init
 .text.HAL_I2C_Mem_Write
                0x0000000008001628      0x1f4 ./Drivers/STM32F4xx_HAL_Driver/Src/stm32f4xx_hal_i2c.o
                0x0000000008001628                HAL_I2C_Mem_Write
 .text.HAL_I2C_Mem_Read
                0x000000000800181c      0x44c ./Drivers/STM32F4xx_HAL_Driver/Src/stm32f4xx_hal_i2c.o
                0x000000000800181c                HAL_I2C_Mem_Read
 .text.HAL_I2C_IsDeviceReady
                0x0000000008001c68      0x25c ./Drivers/STM32F4xx_HAL_Driver/Src/stm32f4xx_hal_i2c.o
                0x0000000008001c68                HAL_I2C_IsDeviceReady
 .text.I2C_RequestMemoryWrite
                0x0000000008001ec4      0x12c ./Drivers/STM32F4xx_HAL_Driver/Src/stm32f4xx_hal_i2c.o
 .text.I2C_RequestMemoryRead
                0x0000000008001ff0      0x1d0 ./Drivers/STM32F4xx_HAL_Driver/Src/stm32f4xx_hal_i2c.o
 .text.I2C_WaitOnFlagUntilTimeout
                0x00000000080021c0       0xae ./Drivers/STM32F4xx_HAL_Driver/Src/stm32f4xx_hal_i2c.o
 .text.I2C_WaitOnMasterAddressFlagUntilTimeout
                0x000000000800226e       0xfe ./Drivers/STM32F4xx_HAL_Driver/Src/stm32f4xx_hal_i2c.o
 .text.I2C_WaitOnTXEFlagUntilTimeout
                0x000000000800236c       0x82 ./Drivers/STM32F4xx_HAL_Driver/Src/stm32f4xx_hal_i2c.o
 .text.I2C_WaitOnBTFFlagUntilTimeout
                0x00000000080023ee       0x82 ./Drivers/STM32F4xx_HAL_Driver/Src/stm32f4xx_hal_i2c.o
 .text.I2C_WaitOnRXNEFlagUntilTimeout
                0x0000000008002470       0xac ./Drivers/STM32F4xx_HAL_Driver/Src/stm32f4xx_hal_i2c.o
 .text.I2C_IsAcknowledgeFailed
                0x000000000800251c       0x5e ./Drivers/STM32F4xx_HAL_Driver/Src/stm32f4xx_hal_i2c.o
 *fill*         0x000000000800257a        0x2 
 .text.HAL_RCC_OscConfig
                0x000000000800257c      0x4f0 ./Drivers/STM32F4xx_HAL_Driver/Src/stm32f4xx_hal_rcc.o
                0x000000000800257c                HAL_RCC_OscConfig
 .text.HAL_RCC_ClockConfig
                0x0000000008002a6c      0x1cc ./Drivers/STM32F4xx_HAL_Driver/Src/stm32f4xx_hal_rcc.o
                0x0000000008002a6c                HAL_RCC_ClockConfig
 .text.HAL_RCC_GetSysClockFreq
                0x0000000008002c38      0x16c ./Drivers/STM32F4xx_HAL_Driver/Src/stm32f4xx_hal_rcc.o
                0x0000000008002c38                HAL_RCC_GetSysClockFreq
 .text.HAL_RCC_GetHCLKFreq
                0x0000000008002da4       0x18 ./Drivers/STM32F4xx_HAL_Driver/Src/stm32f4xx_hal_rcc.o
                0x0000000008002da4                HAL_RCC_GetHCLKFreq
 .text.HAL_RCC_GetPCLK1Freq
                0x0000000008002dbc       0x28 ./Drivers/STM32F4xx_HAL_Driver/Src/stm32f4xx_hal_rcc.o
                0x0000000008002dbc                HAL_RCC_GetPCLK1Freq
 .text.__libc_init_array
                0x0000000008002de4       0x48 c:/st/stm32cubeide_1.8.0/stm32cubeide/plugins/com.st.stm32cube.ide.mcu.externaltools.gnu-tools-for-stm32.9-2020-q2-update.win32_2.0.0.202105311346/tools/bin/../lib/gcc/arm-none-eabi/9.3.1/../../../../arm-none-eabi/lib/thumb/v7e-m+fp/hard\libc_nano.a(lib_a-init.o)
                0x0000000008002de4                __libc_init_array
 .text.memset   0x0000000008002e2c       0x10 c:/st/stm32cubeide_1.8.0/stm32cubeide/plugins/com.st.stm32cube.ide.mcu.externaltools.gnu-tools-for-stm32.9-2020-q2-update.win32_2.0.0.202105311346/tools/bin/../lib/gcc/arm-none-eabi/9.3.1/../../../../arm-none-eabi/lib/thumb/v7e-m+fp/hard\libc_nano.a(lib_a-memset.o)
                0x0000000008002e2c                memset
 *(.glue_7)
 .glue_7        0x0000000008002e3c        0x0 linker stubs
 *(.glue_7t)
 .glue_7t       0x0000000008002e3c        0x0 linker stubs
 *(.eh_frame)
 .eh_frame      0x0000000008002e3c        0x0 c:/st/stm32cubeide_1.8.0/stm32cubeide/plugins/com.st.stm32cube.ide.mcu.externaltools.gnu-tools-for-stm32.9-2020-q2-update.win32_2.0.0.202105311346/tools/bin/../lib/gcc/arm-none-eabi/9.3.1/thumb/v7e-m+fp/hard/crtbegin.o
 *(.init)
 .init          0x0000000008002e3c        0x4 c:/st/stm32cubeide_1.8.0/stm32cubeide/plugins/com.st.stm32cube.ide.mcu.externaltools.gnu-tools-for-stm32.9-2020-q2-update.win32_2.0.0.202105311346/tools/bin/../lib/gcc/arm-none-eabi/9.3.1/thumb/v7e-m+fp/hard/crti.o
                0x0000000008002e3c                _init
 .init          0x0000000008002e40        0x8 c:/st/stm32cubeide_1.8.0/stm32cubeide/plugins/com.st.stm32cube.ide.mcu.externaltools.gnu-tools-for-stm32.9-2020-q2-update.win32_2.0.0.202105311346/tools/bin/../lib/gcc/arm-none-eabi/9.3.1/thumb/v7e-m+fp/hard/crtn.o
 *(.fini)
 .fini          0x0000000008002e48        0x4 c:/st/stm32cubeide_1.8.0/stm32cubeide/plugins/com.st.stm32cube.ide.mcu.externaltools.gnu-tools-for-stm32.9-2020-q2-update.win32_2.0.0.202105311346/tools/bin/../lib/gcc/arm-none-eabi/9.3.1/thumb/v7e-m+fp/hard/crti.o
                0x0000000008002e48                _fini
 .fini          0x0000000008002e4c        0x8 c:/st/stm32cubeide_1.8.0/stm32cubeide/plugins/com.st.stm32cube.ide.mcu.externaltools.gnu-tools-for-stm32.9-2020-q2-update.win32_2.0.0.202105311346/tools/bin/../lib/gcc/arm-none-eabi/9.3.1/thumb/v7e-m+fp/hard/crtn.o
                0x0000000008002e54                . = ALIGN (0x4)
                0x0000000008002e54                _etext = .

.vfp11_veneer   0x0000000008002e54        0x0
 .vfp11_veneer  0x0000000008002e54        0x0 linker stubs

.v4_bx          0x0000000008002e54        0x0
 .v4_bx         0x0000000008002e54        0x0 linker stubs

.iplt           0x0000000008002e54        0x0
 .iplt          0x0000000008002e54        0x0 c:/st/stm32cubeide_1.8.0/stm32cubeide/plugins/com.st.stm32cube.ide.mcu.externaltools.gnu-tools-for-stm32.9-2020-q2-update.win32_2.0.0.202105311346/tools/bin/../lib/gcc/arm-none-eabi/9.3.1/thumb/v7e-m+fp/hard/crtbegin.o

.rodata         0x0000000008002e54       0x18
                0x0000000008002e54                . = ALIGN (0x4)
 *(.rodata)
 *(.rodata*)
 .rodata.AHBPrescTable
                0x0000000008002e54       0x10 ./Core/Src/system_stm32f4xx.o
                0x0000000008002e54                AHBPrescTable
 .rodata.APBPrescTable
                0x0000000008002e64        0x8 ./Core/Src/system_stm32f4xx.o
                0x0000000008002e64                APBPrescTable
                0x0000000008002e6c                . = ALIGN (0x4)

.ARM.extab      0x0000000008002e6c        0x0
                0x0000000008002e6c                . = ALIGN (0x4)
 *(.ARM.extab* .gnu.linkonce.armextab.*)
                0x0000000008002e6c                . = ALIGN (0x4)

.ARM            0x0000000008002e6c        0x8
                0x0000000008002e6c                . = ALIGN (0x4)
                0x0000000008002e6c                __exidx_start = .
 *(.ARM.exidx*)
 .ARM.exidx     0x0000000008002e6c        0x8 c:/st/stm32cubeide_1.8.0/stm32cubeide/plugins/com.st.stm32cube.ide.mcu.externaltools.gnu-tools-for-stm32.9-2020-q2-update.win32_2.0.0.202105311346/tools/bin/../lib/gcc/arm-none-eabi/9.3.1/thumb/v7e-m+fp/hard\libgcc.a(_udivmoddi4.o)
                0x0000000008002e74                __exidx_end = .
                0x0000000008002e74                . = ALIGN (0x4)

.rel.dyn        0x0000000008002e74        0x0
 .rel.iplt      0x0000000008002e74        0x0 c:/st/stm32cubeide_1.8.0/stm32cubeide/plugins/com.st.stm32cube.ide.mcu.externaltools.gnu-tools-for-stm32.9-2020-q2-update.win32_2.0.0.202105311346/tools/bin/../lib/gcc/arm-none-eabi/9.3.1/thumb/v7e-m+fp/hard/crtbegin.o

.preinit_array  0x0000000008002e74        0x0
                0x0000000008002e74                . = ALIGN (0x4)
                0x0000000008002e74                PROVIDE (__preinit_array_start = .)
 *(.preinit_array*)
                0x0000000008002e74                PROVIDE (__preinit_array_end = .)
                0x0000000008002e74                . = ALIGN (0x4)

.init_array     0x0000000008002e74        0x4
                0x0000000008002e74                . = ALIGN (0x4)
                0x0000000008002e74                PROVIDE (__init_array_start = .)
 *(SORT_BY_NAME(.init_array.*))
 *(.init_array*)
 .init_array    0x0000000008002e74        0x4 c:/st/stm32cubeide_1.8.0/stm32cubeide/plugins/com.st.stm32cube.ide.mcu.externaltools.gnu-tools-for-stm32.9-2020-q2-update.win32_2.0.0.202105311346/tools/bin/../lib/gcc/arm-none-eabi/9.3.1/thumb/v7e-m+fp/hard/crtbegin.o
                0x0000000008002e78                PROVIDE (__init_array_end = .)
                0x0000000008002e78                . = ALIGN (0x4)

.fini_array     0x0000000008002e78        0x4
                0x0000000008002e78                . = ALIGN (0x4)
                [!provide]                        PROVIDE (__fini_array_start = .)
 *(SORT_BY_NAME(.fini_array.*))
 *(.fini_array*)
 .fini_array    0x0000000008002e78        0x4 c:/st/stm32cubeide_1.8.0/stm32cubeide/plugins/com.st.stm32cube.ide.mcu.externaltools.gnu-tools-for-stm32.9-2020-q2-update.win32_2.0.0.202105311346/tools/bin/../lib/gcc/arm-none-eabi/9.3.1/thumb/v7e-m+fp/hard/crtbegin.o
                [!provide]                        PROVIDE (__fini_array_end = .)
                0x0000000008002e7c                . = ALIGN (0x4)
                0x0000000008002e7c                _sidata = LOADADDR (.data)

.data           0x0000000020000000        0xc load address 0x0000000008002e7c
                0x0000000020000000                . = ALIGN (0x4)
                0x0000000020000000                _sdata = .
 *(.data)
 *(.data*)
 .data.SystemCoreClock
                0x0000000020000000        0x4 ./Core/Src/system_stm32f4xx.o
                0x0000000020000000                SystemCoreClock
 .data.uwTickPrio
                0x0000000020000004        0x4 ./Drivers/STM32F4xx_HAL_Driver/Src/stm32f4xx_hal.o
                0x0000000020000004                uwTickPrio
 .data.uwTickFreq
                0x0000000020000008        0x1 ./Drivers/STM32F4xx_HAL_Driver/Src/stm32f4xx_hal.o
                0x0000000020000008                uwTickFreq
 *(.RamFunc)
 *(.RamFunc*)
                0x000000002000000c                . = ALIGN (0x4)
 *fill*         0x0000000020000009        0x3 
                0x000000002000000c                _edata = .
                0x0000000008002e88                _siccmram = LOADADDR (.ccmram)

.igot.plt       0x000000002000000c        0x0 load address 0x0000000008002e88
 .igot.plt      0x000000002000000c        0x0 c:/st/stm32cubeide_1.8.0/stm32cubeide/plugins/com.st.stm32cube.ide.mcu.externaltools.gnu-tools-for-stm32.9-2020-q2-update.win32_2.0.0.202105311346/tools/bin/../lib/gcc/arm-none-eabi/9.3.1/thumb/v7e-m+fp/hard/crtbegin.o

.ccmram         0x0000000010000000        0x0 load address 0x0000000008002e88
                0x0000000010000000                . = ALIGN (0x4)
                0x0000000010000000                _sccmram = .
 *(.ccmram)
 *(.ccmram*)
                0x0000000010000000                . = ALIGN (0x4)
                0x0000000010000000                _eccmram = .
                0x0000000010000000                . = ALIGN (0x4)

.bss            0x000000002000000c       0xa4
                0x000000002000000c                _sbss = .
                0x000000002000000c                __bss_start__ = _sbss
 *(.bss)
 .bss           0x000000002000000c       0x1c c:/st/stm32cubeide_1.8.0/stm32cubeide/plugins/com.st.stm32cube.ide.mcu.externaltools.gnu-tools-for-stm32.9-2020-q2-update.win32_2.0.0.202105311346/tools/bin/../lib/gcc/arm-none-eabi/9.3.1/thumb/v7e-m+fp/hard/crtbegin.o
 *(.bss*)
 *(COMMON)
 COMMON         0x0000000020000028       0x2c ./Core/Src/bmp180.o
                0x0000000020000028                MD
                0x000000002000002a                AC1
                0x000000002000002c                AC6
                0x0000000020000030                temperature
                0x0000000020000034                AC5
                0x0000000020000036                AC4
                0x0000000020000038                tX2
                0x000000002000003c                MB
                0x000000002000003e                AC2
                0x0000000020000040                AC3
                0x0000000020000042                B2
                0x0000000020000044                tB5
                0x0000000020000048                unCompTemperature
                0x000000002000004a                B1
                0x000000002000004c                MC
                0x0000000020000050                tX1
 COMMON         0x0000000020000054       0x58 ./Core/Src/main.o
                0x0000000020000054                hi2c1
                0x00000000200000a8                myTemperature
 COMMON         0x00000000200000ac        0x4 ./Drivers/STM32F4xx_HAL_Driver/Src/stm32f4xx_hal.o
                0x00000000200000ac                uwTick
                0x00000000200000b0                . = ALIGN (0x4)
                0x00000000200000b0                _ebss = .
                0x00000000200000b0                __bss_end__ = _ebss

._user_heap_stack
                0x00000000200000b0      0x600
                0x00000000200000b0                . = ALIGN (0x8)
                [!provide]                        PROVIDE (end = .)
                0x00000000200000b0                PROVIDE (_end = .)
                0x00000000200002b0                . = (. + _Min_Heap_Size)
 *fill*         0x00000000200000b0      0x200 
                0x00000000200006b0                . = (. + _Min_Stack_Size)
 *fill*         0x00000000200002b0      0x400 
                0x00000000200006b0                . = ALIGN (0x8)

/DISCARD/
 libc.a(*)
 libm.a(*)
 libgcc.a(*)

.ARM.attributes
                0x0000000000000000       0x30
 *(.ARM.attributes)
 .ARM.attributes
                0x0000000000000000       0x1e c:/st/stm32cubeide_1.8.0/stm32cubeide/plugins/com.st.stm32cube.ide.mcu.externaltools.gnu-tools-for-stm32.9-2020-q2-update.win32_2.0.0.202105311346/tools/bin/../lib/gcc/arm-none-eabi/9.3.1/thumb/v7e-m+fp/hard/crti.o
 .ARM.attributes
                0x000000000000001e       0x34 c:/st/stm32cubeide_1.8.0/stm32cubeide/plugins/com.st.stm32cube.ide.mcu.externaltools.gnu-tools-for-stm32.9-2020-q2-update.win32_2.0.0.202105311346/tools/bin/../lib/gcc/arm-none-eabi/9.3.1/thumb/v7e-m+fp/hard/crtbegin.o
 .ARM.attributes
                0x0000000000000052       0x34 ./Core/Src/bmp180.o
 .ARM.attributes
                0x0000000000000086       0x34 ./Core/Src/main.o
 .ARM.attributes
                0x00000000000000ba       0x34 ./Core/Src/stm32f4xx_hal_msp.o
 .ARM.attributes
                0x00000000000000ee       0x34 ./Core/Src/stm32f4xx_it.o
 .ARM.attributes
                0x0000000000000122       0x34 ./Core/Src/system_stm32f4xx.o
 .ARM.attributes
                0x0000000000000156       0x21 ./Core/Startup/startup_stm32f407vgtx.o
 .ARM.attributes
                0x0000000000000177       0x34 ./Drivers/STM32F4xx_HAL_Driver/Src/stm32f4xx_hal.o
 .ARM.attributes
                0x00000000000001ab       0x34 ./Drivers/STM32F4xx_HAL_Driver/Src/stm32f4xx_hal_cortex.o
 .ARM.attributes
                0x00000000000001df       0x34 ./Drivers/STM32F4xx_HAL_Driver/Src/stm32f4xx_hal_gpio.o
 .ARM.attributes
                0x0000000000000213       0x34 ./Drivers/STM32F4xx_HAL_Driver/Src/stm32f4xx_hal_i2c.o
 .ARM.attributes
                0x0000000000000247       0x34 ./Drivers/STM32F4xx_HAL_Driver/Src/stm32f4xx_hal_rcc.o
 .ARM.attributes
                0x000000000000027b       0x34 c:/st/stm32cubeide_1.8.0/stm32cubeide/plugins/com.st.stm32cube.ide.mcu.externaltools.gnu-tools-for-stm32.9-2020-q2-update.win32_2.0.0.202105311346/tools/bin/../lib/gcc/arm-none-eabi/9.3.1/../../../../arm-none-eabi/lib/thumb/v7e-m+fp/hard\libc_nano.a(lib_a-init.o)
 .ARM.attributes
                0x00000000000002af       0x34 c:/st/stm32cubeide_1.8.0/stm32cubeide/plugins/com.st.stm32cube.ide.mcu.externaltools.gnu-tools-for-stm32.9-2020-q2-update.win32_2.0.0.202105311346/tools/bin/../lib/gcc/arm-none-eabi/9.3.1/../../../../arm-none-eabi/lib/thumb/v7e-m+fp/hard\libc_nano.a(lib_a-memset.o)
 .ARM.attributes
                0x00000000000002e3       0x1e c:/st/stm32cubeide_1.8.0/stm32cubeide/plugins/com.st.stm32cube.ide.mcu.externaltools.gnu-tools-for-stm32.9-2020-q2-update.win32_2.0.0.202105311346/tools/bin/../lib/gcc/arm-none-eabi/9.3.1/thumb/v7e-m+fp/hard\libgcc.a(_aeabi_uldivmod.o)
 .ARM.attributes
                0x0000000000000301       0x34 c:/st/stm32cubeide_1.8.0/stm32cubeide/plugins/com.st.stm32cube.ide.mcu.externaltools.gnu-tools-for-stm32.9-2020-q2-update.win32_2.0.0.202105311346/tools/bin/../lib/gcc/arm-none-eabi/9.3.1/thumb/v7e-m+fp/hard\libgcc.a(_udivmoddi4.o)
 .ARM.attributes
                0x0000000000000335       0x1e c:/st/stm32cubeide_1.8.0/stm32cubeide/plugins/com.st.stm32cube.ide.mcu.externaltools.gnu-tools-for-stm32.9-2020-q2-update.win32_2.0.0.202105311346/tools/bin/../lib/gcc/arm-none-eabi/9.3.1/thumb/v7e-m+fp/hard\libgcc.a(_dvmd_tls.o)
 .ARM.attributes
                0x0000000000000353       0x1e c:/st/stm32cubeide_1.8.0/stm32cubeide/plugins/com.st.stm32cube.ide.mcu.externaltools.gnu-tools-for-stm32.9-2020-q2-update.win32_2.0.0.202105311346/tools/bin/../lib/gcc/arm-none-eabi/9.3.1/thumb/v7e-m+fp/hard/crtn.o
OUTPUT(010_4_I2C_BMP180.elf elf32-littlearm)
LOAD linker stubs
LOAD c:/st/stm32cubeide_1.8.0/stm32cubeide/plugins/com.st.stm32cube.ide.mcu.externaltools.gnu-tools-for-stm32.9-2020-q2-update.win32_2.0.0.202105311346/tools/bin/../lib/gcc/arm-none-eabi/9.3.1/../../../../arm-none-eabi/lib/thumb/v7e-m+fp/hard\libc.a
LOAD c:/st/stm32cubeide_1.8.0/stm32cubeide/plugins/com.st.stm32cube.ide.mcu.externaltools.gnu-tools-for-stm32.9-2020-q2-update.win32_2.0.0.202105311346/tools/bin/../lib/gcc/arm-none-eabi/9.3.1/../../../../arm-none-eabi/lib/thumb/v7e-m+fp/hard\libm.a
LOAD c:/st/stm32cubeide_1.8.0/stm32cubeide/plugins/com.st.stm32cube.ide.mcu.externaltools.gnu-tools-for-stm32.9-2020-q2-update.win32_2.0.0.202105311346/tools/bin/../lib/gcc/arm-none-eabi/9.3.1/thumb/v7e-m+fp/hard\libgcc.a

.debug_info     0x0000000000000000     0x7a7a
 .debug_info    0x0000000000000000      0x9b9 ./Core/Src/bmp180.o
 .debug_info    0x00000000000009b9      0xdbc ./Core/Src/main.o
 .debug_info    0x0000000000001775      0xa73 ./Core/Src/stm32f4xx_hal_msp.o
 .debug_info    0x00000000000021e8      0x222 ./Core/Src/stm32f4xx_it.o
 .debug_info    0x000000000000240a      0x5a4 ./Core/Src/system_stm32f4xx.o
 .debug_info    0x00000000000029ae       0x22 ./Core/Startup/startup_stm32f407vgtx.o
 .debug_info    0x00000000000029d0      0x9b2 ./Drivers/STM32F4xx_HAL_Driver/Src/stm32f4xx_hal.o
 .debug_info    0x0000000000003382      0xed7 ./Drivers/STM32F4xx_HAL_Driver/Src/stm32f4xx_hal_cortex.o
 .debug_info    0x0000000000004259      0x83e ./Drivers/STM32F4xx_HAL_Driver/Src/stm32f4xx_hal_gpio.o
 .debug_info    0x0000000000004a97     0x264d ./Drivers/STM32F4xx_HAL_Driver/Src/stm32f4xx_hal_i2c.o
 .debug_info    0x00000000000070e4      0x996 ./Drivers/STM32F4xx_HAL_Driver/Src/stm32f4xx_hal_rcc.o

.debug_abbrev   0x0000000000000000     0x13f1
 .debug_abbrev  0x0000000000000000      0x1c9 ./Core/Src/bmp180.o
 .debug_abbrev  0x00000000000001c9      0x242 ./Core/Src/main.o
 .debug_abbrev  0x000000000000040b      0x1ac ./Core/Src/stm32f4xx_hal_msp.o
 .debug_abbrev  0x00000000000005b7       0xd2 ./Core/Src/stm32f4xx_it.o
 .debug_abbrev  0x0000000000000689      0x145 ./Core/Src/system_stm32f4xx.o
 .debug_abbrev  0x00000000000007ce       0x12 ./Core/Startup/startup_stm32f407vgtx.o
 .debug_abbrev  0x00000000000007e0      0x1ed ./Drivers/STM32F4xx_HAL_Driver/Src/stm32f4xx_hal.o
 .debug_abbrev  0x00000000000009cd      0x33c ./Drivers/STM32F4xx_HAL_Driver/Src/stm32f4xx_hal_cortex.o
 .debug_abbrev  0x0000000000000d09      0x1f1 ./Drivers/STM32F4xx_HAL_Driver/Src/stm32f4xx_hal_gpio.o
 .debug_abbrev  0x0000000000000efa      0x282 ./Drivers/STM32F4xx_HAL_Driver/Src/stm32f4xx_hal_i2c.o
 .debug_abbrev  0x000000000000117c      0x275 ./Drivers/STM32F4xx_HAL_Driver/Src/stm32f4xx_hal_rcc.o

.debug_aranges  0x0000000000000000      0x6e0
 .debug_aranges
                0x0000000000000000       0x38 ./Core/Src/bmp180.o
 .debug_aranges
                0x0000000000000038       0x40 ./Core/Src/main.o
 .debug_aranges
                0x0000000000000078       0x30 ./Core/Src/stm32f4xx_hal_msp.o
 .debug_aranges
                0x00000000000000a8       0x60 ./Core/Src/stm32f4xx_it.o
 .debug_aranges
                0x0000000000000108       0x28 ./Core/Src/system_stm32f4xx.o
 .debug_aranges
                0x0000000000000130       0x28 ./Core/Startup/startup_stm32f407vgtx.o
 .debug_aranges
                0x0000000000000158       0xf0 ./Drivers/STM32F4xx_HAL_Driver/Src/stm32f4xx_hal.o
 .debug_aranges
                0x0000000000000248      0x118 ./Drivers/STM32F4xx_HAL_Driver/Src/stm32f4xx_hal_cortex.o
 .debug_aranges
                0x0000000000000360       0x58 ./Drivers/STM32F4xx_HAL_Driver/Src/stm32f4xx_hal_gpio.o
 .debug_aranges
                0x00000000000003b8      0x2a0 ./Drivers/STM32F4xx_HAL_Driver/Src/stm32f4xx_hal_i2c.o
 .debug_aranges
                0x0000000000000658       0x88 ./Drivers/STM32F4xx_HAL_Driver/Src/stm32f4xx_hal_rcc.o

.debug_ranges   0x0000000000000000      0x660
 .debug_ranges  0x0000000000000000       0x28 ./Core/Src/bmp180.o
 .debug_ranges  0x0000000000000028       0x30 ./Core/Src/main.o
 .debug_ranges  0x0000000000000058       0x20 ./Core/Src/stm32f4xx_hal_msp.o
 .debug_ranges  0x0000000000000078       0x50 ./Core/Src/stm32f4xx_it.o
 .debug_ranges  0x00000000000000c8       0x18 ./Core/Src/system_stm32f4xx.o
 .debug_ranges  0x00000000000000e0       0x20 ./Core/Startup/startup_stm32f407vgtx.o
 .debug_ranges  0x0000000000000100       0xe0 ./Drivers/STM32F4xx_HAL_Driver/Src/stm32f4xx_hal.o
 .debug_ranges  0x00000000000001e0      0x108 ./Drivers/STM32F4xx_HAL_Driver/Src/stm32f4xx_hal_cortex.o
 .debug_ranges  0x00000000000002e8       0x48 ./Drivers/STM32F4xx_HAL_Driver/Src/stm32f4xx_hal_gpio.o
 .debug_ranges  0x0000000000000330      0x2b8 ./Drivers/STM32F4xx_HAL_Driver/Src/stm32f4xx_hal_i2c.o
 .debug_ranges  0x00000000000005e8       0x78 ./Drivers/STM32F4xx_HAL_Driver/Src/stm32f4xx_hal_rcc.o

.debug_macro    0x0000000000000000    0x1f4c1
 .debug_macro   0x0000000000000000      0x1d9 ./Core/Src/bmp180.o
 .debug_macro   0x00000000000001d9      0xaa8 ./Core/Src/bmp180.o
 .debug_macro   0x0000000000000c81      0x295 ./Core/Src/bmp180.o
 .debug_macro   0x0000000000000f16       0x2e ./Core/Src/bmp180.o
 .debug_macro   0x0000000000000f44       0x2f ./Core/Src/bmp180.o
 .debug_macro   0x0000000000000f73       0x22 ./Core/Src/bmp180.o
 .debug_macro   0x0000000000000f95       0x8e ./Core/Src/bmp180.o
 .debug_macro   0x0000000000001023       0x51 ./Core/Src/bmp180.o
 .debug_macro   0x0000000000001074      0x103 ./Core/Src/bmp180.o
 .debug_macro   0x0000000000001177       0x6a ./Core/Src/bmp180.o
 .debug_macro   0x00000000000011e1      0x1df ./Core/Src/bmp180.o
 .debug_macro   0x00000000000013c0       0x1c ./Core/Src/bmp180.o
 .debug_macro   0x00000000000013dc       0x22 ./Core/Src/bmp180.o
 .debug_macro   0x00000000000013fe       0xdf ./Core/Src/bmp180.o
 .debug_macro   0x00000000000014dd     0x102d ./Core/Src/bmp180.o
 .debug_macro   0x000000000000250a      0x11f ./Core/Src/bmp180.o
 .debug_macro   0x0000000000002629    0x15e58 ./Core/Src/bmp180.o
 .debug_macro   0x0000000000018481       0x6d ./Core/Src/bmp180.o
 .debug_macro   0x00000000000184ee     0x3666 ./Core/Src/bmp180.o
 .debug_macro   0x000000000001bb54      0x174 ./Core/Src/bmp180.o
 .debug_macro   0x000000000001bcc8       0x5c ./Core/Src/bmp180.o
 .debug_macro   0x000000000001bd24      0x96b ./Core/Src/bmp180.o
 .debug_macro   0x000000000001c68f      0x9fe ./Core/Src/bmp180.o
 .debug_macro   0x000000000001d08d      0x116 ./Core/Src/bmp180.o
 .debug_macro   0x000000000001d1a3      0x13e ./Core/Src/bmp180.o
 .debug_macro   0x000000000001d2e1       0xa5 ./Core/Src/bmp180.o
 .debug_macro   0x000000000001d386      0x174 ./Core/Src/bmp180.o
 .debug_macro   0x000000000001d4fa      0x287 ./Core/Src/bmp180.o
 .debug_macro   0x000000000001d781       0x5f ./Core/Src/bmp180.o
 .debug_macro   0x000000000001d7e0      0x236 ./Core/Src/bmp180.o
 .debug_macro   0x000000000001da16      0x12c ./Core/Src/bmp180.o
 .debug_macro   0x000000000001db42      0x21e ./Core/Src/bmp180.o
 .debug_macro   0x000000000001dd60       0x2e ./Core/Src/bmp180.o
 .debug_macro   0x000000000001dd8e      0x1b5 ./Core/Src/bmp180.o
 .debug_macro   0x000000000001df43       0xd6 ./Core/Src/bmp180.o
 .debug_macro   0x000000000001e019      0x11a ./Core/Src/bmp180.o
 .debug_macro   0x000000000001e133       0x7e ./Core/Src/bmp180.o
 .debug_macro   0x000000000001e1b1       0x89 ./Core/Src/bmp180.o
 .debug_macro   0x000000000001e23a      0x12d ./Core/Src/bmp180.o
 .debug_macro   0x000000000001e367       0x1c ./Core/Src/bmp180.o
 .debug_macro   0x000000000001e383      0x1dd ./Core/Src/main.o
 .debug_macro   0x000000000001e560       0x22 ./Core/Src/main.o
 .debug_macro   0x000000000001e582      0x1d4 ./Core/Src/stm32f4xx_hal_msp.o
 .debug_macro   0x000000000001e756      0x1de ./Core/Src/stm32f4xx_it.o
 .debug_macro   0x000000000001e934      0x1ca ./Core/Src/system_stm32f4xx.o
 .debug_macro   0x000000000001eafe      0x22a ./Drivers/STM32F4xx_HAL_Driver/Src/stm32f4xx_hal.o
 .debug_macro   0x000000000001ed28      0x1ca ./Drivers/STM32F4xx_HAL_Driver/Src/stm32f4xx_hal_cortex.o
 .debug_macro   0x000000000001eef2      0x1d0 ./Drivers/STM32F4xx_HAL_Driver/Src/stm32f4xx_hal_gpio.o
 .debug_macro   0x000000000001f0c2      0x211 ./Drivers/STM32F4xx_HAL_Driver/Src/stm32f4xx_hal_i2c.o
 .debug_macro   0x000000000001f2d3      0x1ee ./Drivers/STM32F4xx_HAL_Driver/Src/stm32f4xx_hal_rcc.o

.debug_line     0x0000000000000000     0x8e20
 .debug_line    0x0000000000000000      0x925 ./Core/Src/bmp180.o
 .debug_line    0x0000000000000925      0x79d ./Core/Src/main.o
 .debug_line    0x00000000000010c2      0x6fc ./Core/Src/stm32f4xx_hal_msp.o
 .debug_line    0x00000000000017be      0x771 ./Core/Src/stm32f4xx_it.o
 .debug_line    0x0000000000001f2f      0x730 ./Core/Src/system_stm32f4xx.o
 .debug_line    0x000000000000265f       0x88 ./Core/Startup/startup_stm32f407vgtx.o
 .debug_line    0x00000000000026e7      0x996 ./Drivers/STM32F4xx_HAL_Driver/Src/stm32f4xx_hal.o
 .debug_line    0x000000000000307d      0xc45 ./Drivers/STM32F4xx_HAL_Driver/Src/stm32f4xx_hal_cortex.o
 .debug_line    0x0000000000003cc2      0xb0c ./Drivers/STM32F4xx_HAL_Driver/Src/stm32f4xx_hal_gpio.o
 .debug_line    0x00000000000047ce     0x3942 ./Drivers/STM32F4xx_HAL_Driver/Src/stm32f4xx_hal_i2c.o
 .debug_line    0x0000000000008110      0xd10 ./Drivers/STM32F4xx_HAL_Driver/Src/stm32f4xx_hal_rcc.o

.debug_str      0x0000000000000000    0xbe70a
 .debug_str     0x0000000000000000    0xbc5ec ./Core/Src/bmp180.o
                                      0xbc8b3 (size before relaxing)
 .debug_str     0x00000000000bc5ec      0x2bc ./Core/Src/main.o
                                      0xbcaef (size before relaxing)
 .debug_str     0x00000000000bc8a8       0x53 ./Core/Src/stm32f4xx_hal_msp.o
                                      0xbc890 (size before relaxing)
 .debug_str     0x00000000000bc8fb       0xbd ./Core/Src/stm32f4xx_it.o
                                      0xbc2b0 (size before relaxing)
 .debug_str     0x00000000000bc9b8       0xaf ./Core/Src/system_stm32f4xx.o
                                      0xbc394 (size before relaxing)
 .debug_str     0x00000000000bca67       0x36 ./Core/Startup/startup_stm32f407vgtx.o
                                         0x79 (size before relaxing)
 .debug_str     0x00000000000bca9d      0xa5e ./Drivers/STM32F4xx_HAL_Driver/Src/stm32f4xx_hal.o
                                      0xbce76 (size before relaxing)
 .debug_str     0x00000000000bd4fb      0x399 ./Drivers/STM32F4xx_HAL_Driver/Src/stm32f4xx_hal_cortex.o
                                      0xbcc65 (size before relaxing)
 .debug_str     0x00000000000bd894      0x15f ./Drivers/STM32F4xx_HAL_Driver/Src/stm32f4xx_hal_gpio.o
                                      0xbc53b (size before relaxing)
 .debug_str     0x00000000000bd9f3      0xac9 ./Drivers/STM32F4xx_HAL_Driver/Src/stm32f4xx_hal_i2c.o
                                      0xbd316 (size before relaxing)
 .debug_str     0x00000000000be4bc      0x24e ./Drivers/STM32F4xx_HAL_Driver/Src/stm32f4xx_hal_rcc.o
                                      0xbc796 (size before relaxing)

.comment        0x0000000000000000       0x53
 .comment       0x0000000000000000       0x53 ./Core/Src/bmp180.o
                                         0x54 (size before relaxing)
 .comment       0x0000000000000053       0x54 ./Core/Src/main.o
 .comment       0x0000000000000053       0x54 ./Core/Src/stm32f4xx_hal_msp.o
 .comment       0x0000000000000053       0x54 ./Core/Src/stm32f4xx_it.o
 .comment       0x0000000000000053       0x54 ./Core/Src/system_stm32f4xx.o
 .comment       0x0000000000000053       0x54 ./Drivers/STM32F4xx_HAL_Driver/Src/stm32f4xx_hal.o
 .comment       0x0000000000000053       0x54 ./Drivers/STM32F4xx_HAL_Driver/Src/stm32f4xx_hal_cortex.o
 .comment       0x0000000000000053       0x54 ./Drivers/STM32F4xx_HAL_Driver/Src/stm32f4xx_hal_gpio.o
 .comment       0x0000000000000053       0x54 ./Drivers/STM32F4xx_HAL_Driver/Src/stm32f4xx_hal_i2c.o
 .comment       0x0000000000000053       0x54 ./Drivers/STM32F4xx_HAL_Driver/Src/stm32f4xx_hal_rcc.o

.debug_frame    0x0000000000000000     0x1b64
 .debug_frame   0x0000000000000000       0x94 ./Core/Src/bmp180.o
 .debug_frame   0x0000000000000094       0xa8 ./Core/Src/main.o
 .debug_frame   0x000000000000013c       0x80 ./Core/Src/stm32f4xx_hal_msp.o
 .debug_frame   0x00000000000001bc      0x104 ./Core/Src/stm32f4xx_it.o
 .debug_frame   0x00000000000002c0       0x58 ./Core/Src/system_stm32f4xx.o
 .debug_frame   0x0000000000000318      0x374 ./Drivers/STM32F4xx_HAL_Driver/Src/stm32f4xx_hal.o
 .debug_frame   0x000000000000068c      0x498 ./Drivers/STM32F4xx_HAL_Driver/Src/stm32f4xx_hal_cortex.o
 .debug_frame   0x0000000000000b24      0x14c ./Drivers/STM32F4xx_HAL_Driver/Src/stm32f4xx_hal_gpio.o
 .debug_frame   0x0000000000000c70      0xc5c ./Drivers/STM32F4xx_HAL_Driver/Src/stm32f4xx_hal_i2c.o
 .debug_frame   0x00000000000018cc      0x1ec ./Drivers/STM32F4xx_HAL_Driver/Src/stm32f4xx_hal_rcc.o
 .debug_frame   0x0000000000001ab8       0x2c c:/st/stm32cubeide_1.8.0/stm32cubeide/plugins/com.st.stm32cube.ide.mcu.externaltools.gnu-tools-for-stm32.9-2020-q2-update.win32_2.0.0.202105311346/tools/bin/../lib/gcc/arm-none-eabi/9.3.1/../../../../arm-none-eabi/lib/thumb/v7e-m+fp/hard\libc_nano.a(lib_a-init.o)
 .debug_frame   0x0000000000001ae4       0x20 c:/st/stm32cubeide_1.8.0/stm32cubeide/plugins/com.st.stm32cube.ide.mcu.externaltools.gnu-tools-for-stm32.9-2020-q2-update.win32_2.0.0.202105311346/tools/bin/../lib/gcc/arm-none-eabi/9.3.1/../../../../arm-none-eabi/lib/thumb/v7e-m+fp/hard\libc_nano.a(lib_a-memset.o)
 .debug_frame   0x0000000000001b04       0x2c c:/st/stm32cubeide_1.8.0/stm32cubeide/plugins/com.st.stm32cube.ide.mcu.externaltools.gnu-tools-for-stm32.9-2020-q2-update.win32_2.0.0.202105311346/tools/bin/../lib/gcc/arm-none-eabi/9.3.1/thumb/v7e-m+fp/hard\libgcc.a(_aeabi_uldivmod.o)
 .debug_frame   0x0000000000001b30       0x34 c:/st/stm32cubeide_1.8.0/stm32cubeide/plugins/com.st.stm32cube.ide.mcu.externaltools.gnu-tools-for-stm32.9-2020-q2-update.win32_2.0.0.202105311346/tools/bin/../lib/gcc/arm-none-eabi/9.3.1/thumb/v7e-m+fp/hard\libgcc.a(_udivmoddi4.o)
